C:\Users\student.DOMAIN\Desktop\ra2232014\LPRS2\implementation\system.ngc 1490693645
C:/Users/student.DOMAIN/Desktop/ra2232014/LPRS2/implementation/system_dip_switches_wrapper.ngc 1490693621
C:/Users/student.DOMAIN/Desktop/ra2232014/LPRS2/implementation/system_rs232_wrapper.ngc 1490693608
C:/Users/student.DOMAIN/Desktop/ra2232014/LPRS2/implementation/system_proc_sys_reset_0_wrapper.ngc 1490693537
C:/Users/student.DOMAIN/Desktop/ra2232014/LPRS2/implementation/system_clock_generator_0_wrapper.ngc 1490693632
C:/Users/student.DOMAIN/Desktop/ra2232014/LPRS2/implementation/system_microblaze_0_ilmb_wrapper.ngc 1490693624
C:/Users/student.DOMAIN/Desktop/ra2232014/LPRS2/implementation/system_microblaze_0_dlmb_wrapper.ngc 1490693627
C:/Users/student.DOMAIN/Desktop/ra2232014/LPRS2/implementation/system_axi4lite_0_wrapper.ngc 1490693635
C:/Users/student.DOMAIN/Desktop/ra2232014/LPRS2/implementation/system_microblaze_0_wrapper.ngc 1490693629
C:/Users/student.DOMAIN/Desktop/ra2232014/LPRS2/implementation/system_microblaze_0_i_bram_ctrl_wrapper.ngc 1490693546
C:/Users/student.DOMAIN/Desktop/ra2232014/LPRS2/implementation/system_microblaze_0_d_bram_ctrl_wrapper.ngc 1490693554
C:/Users/student.DOMAIN/Desktop/ra2232014/LPRS2/implementation/system_debug_module_wrapper.ngc 1490693590
C:/Users/student.DOMAIN/Desktop/ra2232014/LPRS2/implementation/system_leds_wrapper.ngc 1490693614
C:/Users/student.DOMAIN/Desktop/ra2232014/LPRS2/implementation/system_microblaze_0_bram_block_wrapper.ngc 1490693559
OK
